// Jest Snapshot v1, https://goo.gl/fbAQLP

exports[`loads and displays greetings 1`] = `
<div>
  <div>
    <button
      disabled=""
    >
      Ok
    </button>
    <h1>
      hello there
    </h1>
  </div>
</div>
`;
